Turbo Assembler	 Version 4.1	    02/22/25 00:19:13	    Page 1
lab1nc.asm



      1	0000			     data	     segment
      2	0000  01 0A FB 07 F8 00	04   array	     db	     1,10,-5,7,-8,0,4
      3	0007  0007		     len	     dw	     $-array
      4	0009			     data	     ends
      5
      6				     cnt_pos	     macro   adr,n
      7						     mov     dl,0
      8						     mov     bx,0
      9						     mov     cx,n
     10				     next_iter:	     mov     al,adr[bx]
     11						     cmp     al,0
     12						     jng     ignore
     13						     inc     dl
     14				     ignore:	     inc     bx
     15						     loop    next_iter
     16						     endm
     17
     18	0000			     code	     segment
     19						     assume  cs:code,ds:data
     20	0000  B8 0000s		     start:	     mov     ax,data
     21	0003  8E D8				     mov     ds,ax
     22						     cnt_pos array,len
1    23	0005  B2 00				     mov     dl,0
1    24	0007  BB 0000				     mov     bx,0
1    25	000A  8B 0E 0007r			     mov     cx,len
1    26	000E  8A 87 0000r	     next_iter:	     mov     al,array[bx]
1    27	0012  3C 00				     cmp     al,0
1    28	0014  7E 02				     jng     ignore
1    29	0016  FE C2				     inc     dl
1    30	0018  43		     ignore:	     inc     bx
1    31	0019  E2 F3				     loop    next_iter
     32	001B  B8 4C00				     mov     ax,4c00h
     33	001E  CD 21				     int     21h
     34	0020			     code	     ends
     35						     end     start
Turbo Assembler	 Version 4.1	    02/22/25 00:19:13	    Page 2
Symbol Table




Symbol Name			  Type	 Value

??DATE				  Text	 "02/22/25"
??FILENAME			  Text	 "lab1nc  "
??TIME				  Text	 "00:19:13"
??VERSION			  Number 040A
@CPU				  Text	 0101H
@CURSEG				  Text	 CODE
@FILENAME			  Text	 LAB1NC
@WORDSIZE			  Text	 2
ARRAY				  Byte	 DATA:0000
IGNORE				  Near	 CODE:0018
LEN				  Word	 DATA:0007
NEXT_ITER			  Near	 CODE:000E
START				  Near	 CODE:0000

Macro Name

CNT_POS

Groups & Segments		  Bit Size Align  Combine Class

CODE				  16  0020 Para	  none
DATA				  16  0009 Para	  none
